// Jest Snapshot v1, https://goo.gl/fbAQLP

exports[`Bus arrival Test renders correctly 1`] = `
<ActivityIndicator
  animating={true}
  color="#999999"
  hidesWhenStopped={true}
  size="large"
  style={
    Object {
      "opacity": 1,
    }
  }
/>
`;
