// Jest Snapshot v1, https://goo.gl/fbAQLP

exports[`Login Test renders correctly 1`] = `
<View
  style={
    Object {
      "backgroundColor": "#fff",
      "flex": 1,
      "height": 1334,
    }
  }
>
  <View
    style={
      Array [
        Object {},
        Object {
          "alignItems": "center",
          "flex": 1,
          "justifyContent": "center",
        },
      ]
    }
  >
    <Image
      source={1}
      style={
        Object {
          "height": "100%",
          "resizeMode": "cover",
          "width": "100%",
        }
      }
    />
  </View>
  <View
    style={
      Array [
        Object {},
        Object {
          "flex": 2,
        },
      ]
    }
  >
    <RCTSafeAreaView
      emulateUnlessSupported={true}
      style={
        Object {
          "backgroundColor": "transparent",
          "flex": 1,
        }
      }
    >
      <RCTScrollView
        automaticallyAdjustContentInsets={false}
        contentContainerStyle={
          Array [
            Object {
              "padding": undefined,
            },
            undefined,
          ]
        }
        contentInset={
          Object {
            "bottom": 0,
          }
        }
        enableAutomaticScroll={true}
        enableOnAndroid={false}
        enableResetScrollToCoords={true}
        extraHeight={75}
        extraScrollHeight={0}
        getScrollResponder={[Function]}
        handleOnScroll={[Function]}
        keyboardDismissMode="interactive"
        keyboardOpeningTime={250}
        keyboardShouldPersistTaps="handled"
        keyboardSpace={0}
        onScroll={[Function]}
        resetKeyboardSpace={[Function]}
        resetScrollToCoords={
          Object {
            "x": 0,
            "y": 0,
          }
        }
        scrollEventThrottle={1}
        scrollForExtraHeightOnAndroid={[Function]}
        scrollIntoView={[Function]}
        scrollToEnd={[Function]}
        scrollToFocusedInput={[Function]}
        scrollToPosition={[Function]}
        showsVerticalScrollIndicator={true}
        style={
          Array [
            Object {
              "backgroundColor": "transparent",
              "flex": 1,
            },
            Object {
              "alignContent": "center",
              "marginLeft": "5%",
              "marginRight": "5%",
            },
          ]
        }
        update={[Function]}
        viewIsInsideTabBar={false}
      >
        <View>
          <View
            style={Object {}}
          >
            <View
              accessible={true}
              focusable={false}
              forwardedRef={[Function]}
              onClick={[Function]}
              onResponderGrant={[Function]}
              onResponderMove={[Function]}
              onResponderRelease={[Function]}
              onResponderTerminate={[Function]}
              onResponderTerminationRequest={[Function]}
              onStartShouldSetResponder={[Function]}
              style={
                Object {
                  "alignItems": "center",
                  "backgroundColor": "transparent",
                  "borderBottomWidth": 1,
                  "borderColor": "#D9D5DC",
                  "borderLeftWidth": 1,
                  "borderRadius": 30,
                  "borderRightWidth": 1,
                  "borderTopWidth": 1,
                  "borderWidth": 1,
                  "flexDirection": "row",
                  "marginLeft": 0,
                  "opacity": 1,
                  "paddingLeft": 15,
                }
              }
            >
              <Text />
              <TextInput
                allowFontScaling={true}
                editable={true}
                keyboardType="email-address"
                onBlur={[Function]}
                onChangeText={[Function]}
                onFocus={[Function]}
                placeholder="Email"
                placeholderTextColor="#575757"
                rejectResponderTermination={true}
                style={
                  Object {
                    "color": "#000",
                    "flex": 1,
                    "fontSize": 17,
                    "height": 50,
                    "paddingLeft": 8,
                    "paddingRight": 5,
                    "top": 1.5,
                  }
                }
                underlineColorAndroid="transparent"
                value=""
              />
            </View>
            <View
              accessible={true}
              focusable={false}
              forwardedRef={[Function]}
              onClick={[Function]}
              onResponderGrant={[Function]}
              onResponderMove={[Function]}
              onResponderRelease={[Function]}
              onResponderTerminate={[Function]}
              onResponderTerminationRequest={[Function]}
              onStartShouldSetResponder={[Function]}
              style={
                Object {
                  "alignItems": "center",
                  "backgroundColor": "transparent",
                  "borderBottomWidth": 1,
                  "borderColor": "#D9D5DC",
                  "borderLeftWidth": 1,
                  "borderRadius": 30,
                  "borderRightWidth": 1,
                  "borderTopWidth": 1,
                  "borderWidth": 1,
                  "flexDirection": "row",
                  "marginLeft": 0,
                  "opacity": 1,
                  "paddingLeft": 15,
                }
              }
            >
              <Text />
              <TextInput
                allowFontScaling={true}
                editable={true}
                onBlur={[Function]}
                onChangeText={[Function]}
                onFocus={[Function]}
                placeholder="Password"
                placeholderTextColor="#575757"
                rejectResponderTermination={true}
                secureTextEntry={true}
                style={
                  Object {
                    "color": "#000",
                    "flex": 1,
                    "fontSize": 17,
                    "height": 50,
                    "paddingLeft": 8,
                    "paddingRight": 5,
                    "top": 1.5,
                  }
                }
                underlineColorAndroid="rgba(0,0,0,0)"
                value=""
              />
            </View>
            <View
              accessible={true}
              focusable={true}
              onClick={[Function]}
              onResponderGrant={[Function]}
              onResponderMove={[Function]}
              onResponderRelease={[Function]}
              onResponderTerminate={[Function]}
              onResponderTerminationRequest={[Function]}
              onStartShouldSetResponder={[Function]}
              style={
                Object {
                  "height": 35,
                  "marginTop": 5,
                  "opacity": 1,
                }
              }
              testID="forgotPassword"
            >
              <Text
                style={
                  Array [
                    Object {
                      "fontSize": 17,
                    },
                    Object {
                      "color": "#0645AD",
                      "marginLeft": 10,
                    },
                  ]
                }
              >
                Forgot password?
              </Text>
            </View>
            <View
              accessible={true}
              focusable={true}
              forwardedRef={[Function]}
              onClick={[Function]}
              onResponderGrant={[Function]}
              onResponderMove={[Function]}
              onResponderRelease={[Function]}
              onResponderTerminate={[Function]}
              onResponderTerminationRequest={[Function]}
              onStartShouldSetResponder={[Function]}
              style={
                Object {
                  "alignItems": "center",
                  "alignSelf": "flex-start",
                  "backgroundColor": "#5cb85c",
                  "borderBottomWidth": null,
                  "borderColor": "#007aff",
                  "borderLeftWidth": null,
                  "borderRadius": 57,
                  "borderRightWidth": null,
                  "borderTopWidth": null,
                  "borderWidth": undefined,
                  "elevation": 2,
                  "flex": 1,
                  "flexDirection": "row",
                  "height": 60,
                  "justifyContent": "space-between",
                  "marginTop": 40,
                  "opacity": 1,
                  "paddingBottom": 6,
                  "paddingTop": 6,
                  "shadowColor": undefined,
                  "shadowOffset": undefined,
                  "shadowOpacity": undefined,
                  "shadowRadius": undefined,
                }
              }
              testID="login"
            >
              <Text
                style={
                  Array [
                    Object {
                      "backgroundColor": "transparent",
                      "color": "#fff",
                      "fontFamily": "System",
                      "fontSize": 16.5,
                      "marginLeft": 0,
                      "marginRight": 0,
                      "paddingLeft": 16,
                      "paddingRight": 16,
                    },
                    Object {
                      "flex": 1,
                      "textAlign": "center",
                    },
                  ]
                }
                uppercase={false}
              >
                Login
              </Text>
            </View>
            <View
              accessible={true}
              focusable={true}
              forwardedRef={[Function]}
              onClick={[Function]}
              onResponderGrant={[Function]}
              onResponderMove={[Function]}
              onResponderRelease={[Function]}
              onResponderTerminate={[Function]}
              onResponderTerminationRequest={[Function]}
              onStartShouldSetResponder={[Function]}
              style={
                Object {
                  "alignItems": "center",
                  "alignSelf": "flex-start",
                  "backgroundColor": "#007aff",
                  "borderBottomWidth": null,
                  "borderColor": "#007aff",
                  "borderLeftWidth": null,
                  "borderRadius": 57,
                  "borderRightWidth": null,
                  "borderTopWidth": null,
                  "borderWidth": undefined,
                  "elevation": 2,
                  "flex": 1,
                  "flexDirection": "row",
                  "height": 60,
                  "justifyContent": "space-between",
                  "marginTop": 40,
                  "opacity": 1,
                  "paddingBottom": 6,
                  "paddingTop": 6,
                  "shadowColor": undefined,
                  "shadowOffset": undefined,
                  "shadowOpacity": undefined,
                  "shadowRadius": undefined,
                }
              }
              testID="signUp"
            >
              <Text
                style={
                  Array [
                    Object {
                      "backgroundColor": "transparent",
                      "color": "#fff",
                      "fontFamily": "System",
                      "fontSize": 16.5,
                      "marginLeft": 0,
                      "marginRight": 0,
                      "paddingLeft": 16,
                      "paddingRight": 16,
                    },
                    Object {
                      "flex": 1,
                      "textAlign": "center",
                    },
                  ]
                }
                uppercase={false}
              >
                Sign up
              </Text>
            </View>
          </View>
          <Modal
            animationType="slide"
            hardwareAccelerated={false}
            onRequestClose={[Function]}
            testID="modal"
            transparent={true}
            visible={false}
          >
            <View
              style={
                Array [
                  Object {},
                  Object {
                    "alignItems": "center",
                    "flex": 1,
                    "justifyContent": "center",
                    "marginTop": 22,
                  },
                ]
              }
            >
              <View
                style={
                  Array [
                    Object {},
                    Object {
                      "alignItems": "center",
                      "backgroundColor": "white",
                      "borderRadius": 20,
                      "elevation": 5,
                      "margin": 20,
                      "padding": 35,
                      "shadowColor": "#000",
                      "shadowOffset": Object {
                        "height": 2,
                        "width": 0,
                      },
                      "shadowOpacity": 0.25,
                      "shadowRadius": 4,
                    },
                  ]
                }
              >
                <Text
                  style={
                    Array [
                      Object {
                        "color": "#000",
                        "fontFamily": "System",
                        "fontSize": 16,
                      },
                      Object {
                        "fontWeight": "bold",
                        "marginBottom": 15,
                        "textAlign": "center",
                      },
                    ]
                  }
                  uppercase={false}
                >
                  Please input your email address for password reset
                </Text>
                <View
                  accessible={true}
                  focusable={false}
                  forwardedRef={[Function]}
                  onClick={[Function]}
                  onResponderGrant={[Function]}
                  onResponderMove={[Function]}
                  onResponderRelease={[Function]}
                  onResponderTerminate={[Function]}
                  onResponderTerminationRequest={[Function]}
                  onStartShouldSetResponder={[Function]}
                  style={
                    Object {
                      "alignItems": "center",
                      "backgroundColor": "transparent",
                      "borderBottomWidth": 1,
                      "borderColor": "#D9D5DC",
                      "borderLeftWidth": 1,
                      "borderRadius": undefined,
                      "borderRightWidth": 1,
                      "borderTopWidth": 1,
                      "borderWidth": undefined,
                      "flexDirection": "row",
                      "marginLeft": 0,
                      "opacity": 1,
                      "paddingLeft": 15,
                    }
                  }
                >
                  <TextInput
                    allowFontScaling={true}
                    editable={true}
                    keyboardType="number-pad"
                    onChangeText={[Function]}
                    placeholder="eg e0123456@u.nus.edu"
                    placeholderTextColor="#575757"
                    rejectResponderTermination={true}
                    style={
                      Object {
                        "color": "#000",
                        "flex": 1,
                        "fontSize": 17,
                        "height": 50,
                        "paddingLeft": 8,
                        "paddingRight": 5,
                        "top": 1.5,
                      }
                    }
                    underlineColorAndroid="rgba(0,0,0,0)"
                    value=""
                  />
                </View>
                <View
                  style={
                    Array [
                      Object {},
                      Object {
                        "flexDirection": "row",
                        "marginTop": 25,
                      },
                    ]
                  }
                >
                  <View
                    accessible={true}
                    focusable={true}
                    forwardedRef={[Function]}
                    onClick={[Function]}
                    onResponderGrant={[Function]}
                    onResponderMove={[Function]}
                    onResponderRelease={[Function]}
                    onResponderTerminate={[Function]}
                    onResponderTerminationRequest={[Function]}
                    onStartShouldSetResponder={[Function]}
                    style={
                      Object {
                        "alignItems": "center",
                        "alignSelf": "center",
                        "backgroundColor": "#d9534f",
                        "borderBottomWidth": null,
                        "borderColor": "#007aff",
                        "borderLeftWidth": null,
                        "borderRadius": 50,
                        "borderRightWidth": null,
                        "borderTopWidth": null,
                        "borderWidth": undefined,
                        "elevation": 2,
                        "flex": 1,
                        "flexDirection": "row",
                        "height": 45,
                        "justifyContent": "space-between",
                        "marginHorizontal": "5%",
                        "opacity": 1,
                        "paddingBottom": 6,
                        "paddingTop": 6,
                        "shadowColor": undefined,
                        "shadowOffset": undefined,
                        "shadowOpacity": undefined,
                        "shadowRadius": undefined,
                      }
                    }
                  >
                    <Text
                      style={
                        Array [
                          Object {
                            "backgroundColor": "transparent",
                            "color": "#fff",
                            "fontFamily": "System",
                            "fontSize": 16.5,
                            "marginLeft": 0,
                            "marginRight": 0,
                            "paddingLeft": 16,
                            "paddingRight": 16,
                          },
                          Object {
                            "flex": 1,
                            "textAlign": "center",
                          },
                        ]
                      }
                      uppercase={false}
                    >
                      Cancel
                    </Text>
                  </View>
                  <View
                    accessible={true}
                    focusable={true}
                    forwardedRef={[Function]}
                    onClick={[Function]}
                    onResponderGrant={[Function]}
                    onResponderMove={[Function]}
                    onResponderRelease={[Function]}
                    onResponderTerminate={[Function]}
                    onResponderTerminationRequest={[Function]}
                    onStartShouldSetResponder={[Function]}
                    style={
                      Object {
                        "alignItems": "center",
                        "alignSelf": "center",
                        "backgroundColor": "#5cb85c",
                        "borderBottomWidth": null,
                        "borderColor": "#007aff",
                        "borderLeftWidth": null,
                        "borderRadius": 50,
                        "borderRightWidth": null,
                        "borderTopWidth": null,
                        "borderWidth": undefined,
                        "elevation": 2,
                        "flex": 1,
                        "flexDirection": "row",
                        "height": 45,
                        "justifyContent": "space-between",
                        "marginHorizontal": "5%",
                        "opacity": 1,
                        "paddingBottom": 6,
                        "paddingTop": 6,
                        "shadowColor": undefined,
                        "shadowOffset": undefined,
                        "shadowOpacity": undefined,
                        "shadowRadius": undefined,
                      }
                    }
                  >
                    <Text
                      style={
                        Array [
                          Object {
                            "backgroundColor": "transparent",
                            "color": "#fff",
                            "fontFamily": "System",
                            "fontSize": 16.5,
                            "marginLeft": 0,
                            "marginRight": 0,
                            "paddingLeft": 16,
                            "paddingRight": 16,
                          },
                          Object {
                            "flex": 1,
                            "textAlign": "center",
                          },
                          Object {
                            "color": "black",
                          },
                        ]
                      }
                      uppercase={false}
                    >
                      Confirm
                    </Text>
                  </View>
                </View>
              </View>
            </View>
          </Modal>
        </View>
      </RCTScrollView>
    </RCTSafeAreaView>
  </View>
</View>
`;
