// Jest Snapshot v1, https://goo.gl/fbAQLP

exports[`Declare Temperature Test renders correctly 1`] = `
<View
  style={
    Object {
      "backgroundColor": "#fff",
      "flex": 1,
      "height": 1334,
    }
  }
>
  <RCTSafeAreaView
    emulateUnlessSupported={true}
    style={
      Object {
        "backgroundColor": "transparent",
        "flex": 1,
      }
    }
  >
    <RCTScrollView
      automaticallyAdjustContentInsets={false}
      contentContainerStyle={
        Array [
          Object {
            "padding": undefined,
          },
          undefined,
        ]
      }
      contentInset={
        Object {
          "bottom": 0,
        }
      }
      enableAutomaticScroll={true}
      enableOnAndroid={false}
      enableResetScrollToCoords={true}
      extraHeight={75}
      extraScrollHeight={0}
      getScrollResponder={[Function]}
      handleOnScroll={[Function]}
      keyboardDismissMode="interactive"
      keyboardOpeningTime={250}
      keyboardShouldPersistTaps="handled"
      keyboardSpace={0}
      onScroll={[Function]}
      resetKeyboardSpace={[Function]}
      resetScrollToCoords={
        Object {
          "x": 0,
          "y": 0,
        }
      }
      scrollEventThrottle={1}
      scrollForExtraHeightOnAndroid={[Function]}
      scrollIntoView={[Function]}
      scrollToEnd={[Function]}
      scrollToFocusedInput={[Function]}
      scrollToPosition={[Function]}
      showsVerticalScrollIndicator={true}
      style={
        Object {
          "backgroundColor": "transparent",
          "flex": 1,
        }
      }
      update={[Function]}
      viewIsInsideTabBar={false}
    >
      <View>
        <Text
          style={
            Array [
              Object {
                "color": "#000",
                "fontFamily": "System",
                "fontSize": 16,
              },
              Object {
                "fontSize": 30,
                "marginTop": 50,
                "textAlign": "center",
              },
            ]
          }
          uppercase={false}
        >
          Period: PM
        </Text>
        <TextInput
          allowFontScaling={true}
          editable={true}
          keyboardType="number-pad"
          maxLength={4}
          onChangeText={[Function]}
          placeholderTextColor="#575757"
          rejectResponderTermination={true}
          style={
            Array [
              Object {
                "color": "#000",
                "flex": 1,
                "fontSize": 17,
                "height": 50,
                "paddingLeft": 5,
                "paddingRight": 5,
              },
              Object {
                "alignSelf": "center",
                "fontSize": 100,
                "height": 150,
                "marginBottom": 50,
              },
            ]
          }
          underlineColorAndroid="rgba(0,0,0,0)"
          value="37.0"
        />
        <RNCSlider
          disabled={false}
          enabled={true}
          inverted={false}
          maximumTrackTintColor="rgba(0, 0, 255, 0.3)"
          maximumValue={400}
          minimumTrackTintColor="blue"
          minimumValue={350}
          onChange={[Function]}
          onRNCSliderSlidingComplete={null}
          onRNCSliderSlidingStart={null}
          onRNCSliderValueChange={[Function]}
          onResponderTerminationRequest={[Function]}
          onStartShouldSetResponder={[Function]}
          step={1}
          style={
            Array [
              Object {
                "height": 40,
              },
              Object {
                "alignSelf": "center",
                "height": 40,
                "width": "80%",
              },
            ]
          }
          thumbImage={
            Object {
              "__packager_asset": true,
              "height": 1,
              "scale": 1,
              "uri": "uri",
              "width": 1,
            }
          }
          value={370}
        />
        <View
          style={
            Array [
              Object {},
              Object {
                "marginHorizontal": 20,
                "marginTop": 100,
              },
            ]
          }
        >
          <Text
            style={
              Array [
                Object {
                  "color": "#000",
                  "fontFamily": "System",
                  "fontSize": 16,
                },
                Object {
                  "color": "green",
                  "fontSize": 15,
                  "fontWeight": "bold",
                  "margin": 10,
                  "textAlign": "center",
                },
              ]
            }
            uppercase={false}
          />
          <View
            accessible={true}
            focusable={true}
            forwardedRef={[Function]}
            onClick={[Function]}
            onResponderGrant={[Function]}
            onResponderMove={[Function]}
            onResponderRelease={[Function]}
            onResponderTerminate={[Function]}
            onResponderTerminationRequest={[Function]}
            onStartShouldSetResponder={[Function]}
            style={
              Object {
                "alignItems": "center",
                "alignSelf": "stretch",
                "backgroundColor": "#f0ad4e",
                "borderBottomWidth": null,
                "borderColor": "#007aff",
                "borderLeftWidth": null,
                "borderRadius": 5,
                "borderRightWidth": null,
                "borderTopWidth": null,
                "borderWidth": undefined,
                "elevation": 2,
                "flexDirection": "row",
                "height": 45,
                "justifyContent": "center",
                "opacity": 1,
                "paddingBottom": 6,
                "paddingTop": 6,
                "shadowColor": undefined,
                "shadowOffset": undefined,
                "shadowOpacity": undefined,
                "shadowRadius": undefined,
              }
            }
          >
            <Text
              style={
                Array [
                  Object {
                    "backgroundColor": "transparent",
                    "color": "#fff",
                    "fontFamily": "System",
                    "fontSize": 16.5,
                    "marginLeft": 0,
                    "marginRight": 0,
                    "paddingLeft": 16,
                    "paddingRight": 16,
                  },
                  Object {
                    "color": "black",
                    "fontWeight": "bold",
                  },
                ]
              }
              uppercase={false}
            >
              Submit
            </Text>
          </View>
        </View>
      </View>
    </RCTScrollView>
  </RCTSafeAreaView>
</View>
`;
